2026-06-29 00:00:39 - === Starting backup validation ===
2026-06-29 00:00:39 - OK: MEMORY.md validated.
2026-06-29 00:00:39 - OK: AGENTS.md validated.
2026-06-29 00:00:39 - OK: TOOLS.md validated.
2026-06-29 00:00:39 - OK: HEARTBEAT.md validated.
2026-06-29 00:00:39 - OK: SOUL.md validated.
2026-06-29 00:00:39 - OK: USER.md validated.
2026-06-29 00:00:39 - OK: Snapshot script is executable.
2026-06-29 00:00:39 - OK: Backup directory exists at /home/node/.openclaw/backups.
2026-06-29 00:00:39 - OK: Recent snapshot found: snapshot-20260629-000039-Critical rules validation.tar.gz.
2026-06-29 00:00:39 - Validation passed. All critical checks successful.
2026-06-29 00:00 UTC - health-quick-check.sh failed with exit 1; see /home/node/.openclaw/workspace/memory/.last-health-quick-check.log
2026-06-29 00:00:40 - === Starting backup validation ===
2026-06-29 00:00:40 - OK: MEMORY.md validated.
2026-06-29 00:00:40 - OK: AGENTS.md validated.
2026-06-29 00:00:40 - OK: TOOLS.md validated.
2026-06-29 00:00:40 - OK: HEARTBEAT.md validated.
2026-06-29 00:00:40 - OK: SOUL.md validated.
2026-06-29 00:00:40 - OK: USER.md validated.
2026-06-29 00:00:40 - OK: Snapshot script is executable.
2026-06-29 00:00:40 - OK: Backup directory exists at /home/node/.openclaw/backups.
2026-06-29 00:00:40 - OK: Recent snapshot found: snapshot-20260629-000039-Critical rules validation.tar.gz.
2026-06-29 00:00:40 - Validation passed. All critical checks successful.
2026-06-29 00:00 UTC - OpenClaw gateway status unclear: Service: systemd user (disabled)
File logs: /tmp/openclaw/openclaw-2026-06-29.log

Config (cli): ~/.openclaw/openclaw.json
Config (service): ~/.openclaw/openclaw.json

Gateway: bind=loopback (127.0.0.1), port=18789 (env/config)
Probe target: ws://127.0.0.1:18789
Dashboard: http://127.0.0.1:18789/
Probe note: Loopback-only gateway; only local clients can connect.

CLI version: 2026.5.12 (/usr/local/bin/openclaw)
Gateway version: 2026.5.12

Runtime: unknown (systemctl not available; systemd user services are required on Linux.)
Connectivity probe: ok
Capability: admin-capable

systemd user services unavailable.
systemd user services are unavailable; install/enable systemd or run the gateway under your supervisor.
If you're in a container, run the gateway in the foreground instead of `openclaw gateway`.

Listening: *:18789
Troubles: run openclaw status
Troubleshooting: https://docs.openclaw.ai/troubleshooting
2026-08-13 00:01:05 - === Starting backup validation ===
2026-08-13 00:01:05 - OK: MEMORY.md validated.
2026-08-13 00:01:05 - OK: AGENTS.md validated.
2026-08-13 00:01:05 - OK: TOOLS.md validated.
2026-08-13 00:01:05 - OK: HEARTBEAT.md validated.
2026-08-13 00:01:05 - OK: SOUL.md validated.
2026-08-13 00:01:05 - OK: USER.md validated.
2026-08-13 00:01:06 - OK: Snapshot script is executable.
2026-08-13 00:01:06 - OK: Backup directory exists at /home/node/.openclaw/backups.
2026-08-13 00:01:06 - OK: Recent snapshot found: snapshot-20260813-000105-Critical rules validation.tar.gz.
2026-08-13 00:01:06 - Validation passed. All critical checks successful.
2026-08-14 00:00:27 - === Starting backup validation ===
2026-08-14 00:00:27 - OK: MEMORY.md validated.
2026-08-14 00:00:27 - OK: AGENTS.md validated.
2026-08-14 00:00:27 - OK: TOOLS.md validated.
2026-08-14 00:00:27 - OK: HEARTBEAT.md validated.
2026-08-14 00:00:27 - OK: SOUL.md validated.
2026-08-14 00:00:27 - OK: USER.md validated.
2026-08-14 00:00:28 - OK: Snapshot script is executable.
2026-08-14 00:00:28 - OK: Backup directory exists at /home/node/.openclaw/backups.
2026-08-14 00:00:28 - OK: Recent snapshot found: snapshot-20260813-000105-Critical rules validation.tar.gz.
2026-08-14 00:00:28 - Validation passed. All critical checks successful.
2026-08-15 00:00:41 - === Starting backup validation ===
2026-08-15 00:00:41 - OK: MEMORY.md validated.
2026-08-15 00:00:41 - OK: AGENTS.md validated.
2026-08-15 00:00:41 - OK: TOOLS.md validated.
2026-08-15 00:00:41 - OK: HEARTBEAT.md validated.
2026-08-15 00:00:41 - OK: SOUL.md validated.
2026-08-15 00:00:41 - OK: USER.md validated.
2026-08-15 00:00:42 - OK: Snapshot script is executable.
2026-08-15 00:00:42 - OK: Backup directory exists at /home/node/.openclaw/backups.
2026-08-15 00:00:42 - OK: Recent snapshot found: snapshot-20260815-000041-Critical rules validation.tar.gz.
2026-08-15 00:00:42 - Validation passed. All critical checks successful.
2026-08-26 00:00:56 - === Starting backup validation ===
2026-08-26 00:00:56 - OK: MEMORY.md validated.
2026-08-26 00:00:56 - OK: AGENTS.md validated.
2026-08-26 00:00:56 - OK: TOOLS.md validated.
2026-08-26 00:00:56 - OK: HEARTBEAT.md validated.
2026-08-26 00:00:56 - OK: SOUL.md validated.
2026-08-26 00:00:56 - OK: USER.md validated.
2026-08-26 00:00:57 - OK: Snapshot script is executable.
2026-08-26 00:00:57 - OK: Backup directory exists at /home/node/.openclaw/backups.
2026-08-26 00:00:57 - OK: Recent snapshot found: snapshot-20260826-000056-Critical rules validation.tar.gz.
2026-08-26 00:00:57 - Validation passed. All critical checks successful.
2026-08-26 00:01:37 - === Starting backup validation ===
2026-08-26 00:01:37 - OK: MEMORY.md validated.
2026-08-26 00:01:37 - OK: AGENTS.md validated.
2026-08-26 00:01:37 - OK: TOOLS.md validated.
2026-08-26 00:01:37 - OK: HEARTBEAT.md validated.
2026-08-26 00:01:37 - OK: SOUL.md validated.
2026-08-26 00:01:37 - OK: USER.md validated.
2026-08-26 00:01:38 - OK: Snapshot script is executable.
2026-08-26 00:01:38 - OK: Backup directory exists at /home/node/.openclaw/backups.
2026-08-26 00:01:38 - OK: Recent snapshot found: snapshot-20260826-000056-Critical rules validation.tar.gz.
2026-08-26 00:01:38 - Validation passed. All critical checks successful.
2026-08-26 00:02:44 - === Starting backup validation ===
2026-08-26 00:02:44 - OK: MEMORY.md validated.
2026-08-26 00:02:44 - OK: AGENTS.md validated.
2026-08-26 00:02:45 - OK: TOOLS.md validated.
2026-08-26 00:02:45 - OK: HEARTBEAT.md validated.
2026-08-26 00:02:45 - OK: SOUL.md validated.
2026-08-26 00:02:45 - OK: USER.md validated.
2026-08-26 00:02:45 - OK: Snapshot script is executable.
2026-08-26 00:02:45 - OK: Backup directory exists at /home/node/.openclaw/backups.
2026-08-26 00:02:45 - OK: Recent snapshot found: snapshot-20260826-000056-Critical rules validation.tar.gz.
2026-08-26 00:02:45 - Validation passed. All critical checks successful.
2026-08-26 00:03:49 - === Starting backup validation ===
2026-08-26 00:03:49 - OK: MEMORY.md validated.
2026-08-26 00:03:49 - OK: AGENTS.md validated.
2026-08-26 00:03:49 - OK: TOOLS.md validated.
2026-08-26 00:03:49 - OK: HEARTBEAT.md validated.
2026-08-26 00:03:49 - OK: SOUL.md validated.
2026-08-26 00:03:49 - OK: USER.md validated.
2026-08-26 00:03:50 - OK: Snapshot script is executable.
2026-08-26 00:03:50 - OK: Backup directory exists at /home/node/.openclaw/backups.
2026-08-26 00:03:50 - OK: Recent snapshot found: snapshot-20260826-000349-Critical rules validation.tar.gz.
2026-08-26 00:03:50 - Validation passed. All critical checks successful.
